// Jest Snapshot v1, https://goo.gl/fbAQLP

exports[`ContentList gets data from the api 1`] = `
<el-row-stub
  gutter="10"
  justify="start"
  tag="div"
>
  <el-col-stub
    class="col"
    lg="6"
    md="8"
    sm="12"
    span="24"
    tag="div"
    xl="6"
    xs="24"
  >
    <contentcard-stub
      content="[object Object]"
    />
  </el-col-stub>
</el-row-stub>
`;
